####################################################################################################
#..................................................................................................#
#....#########################..................########################...........................#
#....#                       #..................#                      #...........................#
#....#   [General Store]     #..................#     [Blacksmith]     #...........................#
#....#                       #..................#                      #...........................#
#....#########...#############..................############...#########...........................#
#..................................................................................................#
#............#...#..........................................#...#..................................#
#............#...#..........................................#...#..................................#
#............#...#..................##########..............#...#..................................#
#............#...#..................#        #..............#...#..................................#
#....TTTTTT..#...#..................#Fountain#..............#...#..................................#
#....T~~~~T..#...#..................#   Pool #..............#...#..................................#
#....T~~~~T..#...#..................#        #..............#...#..................................#
#....TTTTTT..#...#..................##########..............#...#..................................#
#............#...#..........................................#...#..................................#
#............#...#..........................................#...#..................................#
#............#...#..........................................#...#..................................#
#............#...#..........................................#...#..................................#
#..................................................................................................#
#....#########...#####################..####################...#########...........................#
#....#                               #..#                               #..........................#
#....#           [Guard Post]        #..#           [Castle Gate]       #..........................#
#....#                               #..#                               #..........................#
#....#################################..##################==############...........................#
#.........................................................||.......................................#
#.........................................................||.......................................#
#.........................................................||.......................................#
####################################################################################################
